{
"issues":  [
{
"id":  "S2234",
"message":  "Parameters to '.ctor' have the same names but not the same order as the method arguments.",
"location":  [
{
"uri":  "sources\akka.net\src\core\Akka.Cluster\ClusterEvent.cs",
"region":  {
"startLine":  1043,
"startColumn":  42,
"endLine":  1043,
"endColumn":  61
}
},
{
"uri":  "sources\akka.net\src\core\Akka.Cluster\ClusterEvent.cs",
"region":  {
"startLine":  98,
"startColumn":  20,
"endLine":  98,
"endColumn":  39
}
}
]
},
{
"id":  "S2234",
"message":  "Parameters to 'Copy' have the same names but not the same order as the method arguments.",
"location":  [
{
"uri":  "sources\akka.net\src\core\Akka.Cluster\ClusterReadView.cs",
"region":  {
"startLine":  145,
"startColumn":  43,
"endLine":  145,
"endColumn":  47
}
},
{
"uri":  "sources\akka.net\src\core\Akka.Cluster\ClusterEvent.cs",
"region":  {
"startLine":  201,
"startColumn":  40,
"endLine":  201,
"endColumn":  44
}
}
]
}
]
}
